// Jest Snapshot v1, https://goo.gl/fbAQLP

exports[`renders correctly 1`] = `
<div
  className="Container-sc-7r4j6o-0 bwzCzR"
>
  Test
</div>
`;
