// Jest Snapshot v1, https://goo.gl/fbAQLP

exports[`renders correctly 1`] = `
<button
  className="Button-sc-dqgx36-0 idTkMv"
  size="2"
>
  Test
</button>
`;
